2025-11-02 01:16:26 [INFO] 11_2_25/d4/CharacterizeWHReferenceDeviceTask/ak/numerical_sic/cirq_noisy_n100k_willow_pink_q4_2-4_3-5_2-5_3-6_2-6_3: Starting task...
2025-11-02 01:16:26 [INFO] 11_2_25/d4/CharacterizeWHReferenceDeviceTask/ak/numerical_sic/cirq_noisy_n100k_willow_pink_q4_2-4_3-5_2-5_3-6_2-6_3: Creating circuits...
2025-11-02 01:16:26 [INFO] 11_2_25/d4/CharacterizeWHReferenceDeviceTask/ak/numerical_sic/cirq_clean_n100k_willow_pink_q4_2-4_3-5_2-5_3-6_2-6_3: Starting task...
2025-11-02 01:16:26 [INFO] 11_2_25/d4/CharacterizeWHReferenceDeviceTask/ak/numerical_sic/cirq_clean_n100k_willow_pink_q4_2-4_3-5_2-5_3-6_2-6_3: Creating circuits...
2025-11-02 01:16:26 [ERROR] 11_2_25/d4/CharacterizeWHReferenceDeviceTask/ak/numerical_sic/cirq_clean_n100k_willow_pink_q4_2-4_3-5_2-5_3-6_2-6_3: Help!
Traceback (most recent call last):
  File "/home/heyredhat/Documents/cirq_sic/cirq_sic/experiments/sky_ground.py", line 108, in run_sky_ground_task
    circuits = cirq.read_json(str(raw_path))
  File "/home/heyredhat/anaconda3/envs/cirq_sic/lib/python3.13/site-packages/cirq/protocols/json_serialization.py", line 559, in read_json
    return json.load(file, object_hook=obj_hook)
           ~~~~~~~~~^^^^^^^^^^^^^^^^^^^^^^^^^^^^
  File "/home/heyredhat/anaconda3/envs/cirq_sic/lib/python3.13/json/__init__.py", line 293, in load
    return loads(fp.read(),
        cls=cls, object_hook=object_hook,
        parse_float=parse_float, parse_int=parse_int,
        parse_constant=parse_constant, object_pairs_hook=object_pairs_hook, **kw)
  File "/home/heyredhat/anaconda3/envs/cirq_sic/lib/python3.13/json/__init__.py", line 359, in loads
    return cls(**kw).decode(s)
           ~~~~~~~~~~~~~~~~^^^
  File "/home/heyredhat/anaconda3/envs/cirq_sic/lib/python3.13/json/decoder.py", line 345, in decode
    obj, end = self.raw_decode(s, idx=_w(s, 0).end())
               ~~~~~~~~~~~~~~~^^^^^^^^^^^^^^^^^^^^^^^
  File "/home/heyredhat/anaconda3/envs/cirq_sic/lib/python3.13/json/decoder.py", line 361, in raw_decode
    obj, end = self.scan_once(s, idx)
               ~~~~~~~~~~~~~~^^^^^^^^
json.decoder.JSONDecodeError: Expecting ',' delimiter: line 9633 column 7 (char 229528)
2025-11-02 01:16:26 [INFO] 11_2_25/d4/CharacterizeWHReferenceDeviceTask/ak/numerical_sic/cirq_noisy_n100k_willow_pink_q4_2-4_3-5_2-5_3-6_2-6_3: Optimizing circuits...
2025-11-02 01:16:27 [INFO] 11_2_25/d4/CharacterizeWHReferenceDeviceTask/ak/numerical_sic/bqskit_server_4_noisy_n100k_willow_pink_q4_2-4_3-5_2-5_3-6_2-6_3: Starting task...
2025-11-02 01:16:27 [INFO] 11_2_25/d4/CharacterizeWHReferenceDeviceTask/ak/numerical_sic/bqskit_server_4_noisy_n100k_willow_pink_q4_2-4_3-5_2-5_3-6_2-6_3: Creating circuits...
2025-11-02 01:16:27 [INFO] 11_2_25/d4/CharacterizeWHReferenceDeviceTask/ak/numerical_sic/bqskit_server_4_noisy_n100k_willow_pink_q4_2-4_3-5_2-5_3-6_2-6_3: Optimizing circuits...
2025-11-02 01:16:27 [INFO] 11_2_25/d4/CharacterizeWHReferenceDeviceTask/ak/numerical_sic/bqskit_server_4_clean_n100k_willow_pink_q4_2-4_3-5_2-5_3-6_2-6_3: Starting task...
2025-11-02 01:16:27 [INFO] 11_2_25/d4/CharacterizeWHReferenceDeviceTask/ak/numerical_sic/bqskit_server_4_clean_n100k_willow_pink_q4_2-4_3-5_2-5_3-6_2-6_3: Creating circuits...
2025-11-02 01:16:27 [INFO] 11_2_25/d4/CharacterizeWHReferenceDeviceTask/ak/numerical_sic/bqskit_server_4_clean_n100k_willow_pink_q4_2-4_3-5_2-5_3-6_2-6_3: Optimizing circuits...
2025-11-02 01:16:39 [INFO] 11_2_25/d4/CharacterizeWHReferenceDeviceTask/ak/numerical_sic/cirq_noisy_n100k_willow_pink_q4_2-4_3-5_2-5_3-6_2-6_3: Sampling...
2025-11-02 03:03:40 [INFO] 11_2_25/d4/CharacterizeWHReferenceDeviceTask/ak/numerical_sic/cirq_noisy_n100k_willow_pink_q4_2-4_3-5_2-5_3-6_2-6_3: Processing results...
2025-11-02 03:03:45 [INFO] 11_2_25/d4/CharacterizeWHReferenceDeviceTask/ak/numerical_sic/cirq_noisy_n100k_willow_pink_q4_2-4_3-5_2-5_3-6_2-6_3: Saving...
2025-11-02 03:21:21 [INFO] 11_2_25/d4/CharacterizeWHReferenceDeviceTask/ak/numerical_sic/bqskit_server_4_clean_n100k_willow_pink_q4_2-4_3-5_2-5_3-6_2-6_3: Sampling...
2025-11-02 03:21:29 [INFO] 11_2_25/d4/CharacterizeWHReferenceDeviceTask/ak/numerical_sic/bqskit_server_4_clean_n100k_willow_pink_q4_2-4_3-5_2-5_3-6_2-6_3: Processing results...
2025-11-02 03:21:33 [INFO] 11_2_25/d4/CharacterizeWHReferenceDeviceTask/ak/numerical_sic/bqskit_server_4_clean_n100k_willow_pink_q4_2-4_3-5_2-5_3-6_2-6_3: Saving...
2025-11-02 03:25:56 [INFO] 11_2_25/d4/CharacterizeWHReferenceDeviceTask/ak/numerical_sic/bqskit_server_4_noisy_n100k_willow_pink_q4_2-4_3-5_2-5_3-6_2-6_3: Sampling...
2025-11-02 04:18:53 [INFO] 11_2_25/d4/CharacterizeWHReferenceDeviceTask/ak/numerical_sic/bqskit_server_4_noisy_n100k_willow_pink_q4_2-4_3-5_2-5_3-6_2-6_3: Processing results...
2025-11-02 04:18:58 [INFO] 11_2_25/d4/CharacterizeWHReferenceDeviceTask/ak/numerical_sic/bqskit_server_4_noisy_n100k_willow_pink_q4_2-4_3-5_2-5_3-6_2-6_3: Saving...
2025-11-03 01:44:31 [INFO] 11_2_25/d4/CharacterizeWHReferenceDeviceTask/ak/numerical_sic/cirq_clean_n100k_willow_pink_q4_2-4_3-5_2-5_3-6_2-6_3: Task already exists. Skipping.
2025-11-03 01:44:31 [INFO] 11_2_25/d4/CharacterizeWHReferenceDeviceTask/ak/numerical_sic/bqskit_server_4_clean_n100k_willow_pink_q4_2-4_3-5_2-5_3-6_2-6_3: Task already exists. Skipping.
2025-11-03 01:44:31 [INFO] 11_2_25/d4/CharacterizeWHReferenceDeviceTask/ak/numerical_sic/cirq_noisy_n100k_willow_pink_q4_2-4_3-5_2-5_3-6_2-6_3: Starting task...
2025-11-03 01:44:31 [INFO] 11_2_25/d4/CharacterizeWHReferenceDeviceTask/ak/numerical_sic/cirq_noisy_n100k_willow_pink_q4_2-4_3-5_2-5_3-6_2-6_3: Creating circuits...
2025-11-03 01:44:31 [INFO] 11_2_25/d4/CharacterizeWHReferenceDeviceTask/ak/numerical_sic/bqskit_server_4_noisy_n100k_willow_pink_q4_2-4_3-5_2-5_3-6_2-6_3: Task already exists. Skipping.
2025-11-03 01:44:31 [INFO] 11_2_25/d4/CharacterizeWHReferenceDeviceTask/ak/numerical_sic/cirq_noisy_n100k_willow_pink_q4_2-4_3-5_2-5_3-6_2-6_3: Optimizing circuits...
2025-11-03 01:44:31 [INFO] 11_2_25/d4/CharacterizeWHReferenceDeviceTask/ak/numerical_sic/cirq_noisy_n100k_willow_pink_q4_2-4_3-5_2-5_3-6_2-6_3: Sampling...
2025-11-03 02:06:04 [INFO] 11_2_25/d4/CharacterizeWHReferenceDeviceTask/ak/numerical_sic/bqskit_server_4_noisy_n100k_willow_pink_q4_2-4_3-5_2-5_3-6_2-6_3: Task already exists. Skipping.
2025-11-03 02:06:04 [INFO] 11_2_25/d4/CharacterizeWHReferenceDeviceTask/ak/numerical_sic/bqskit_server_4_clean_n100k_willow_pink_q4_2-4_3-5_2-5_3-6_2-6_3: Task already exists. Skipping.
2025-11-03 02:07:01 [INFO] 11_2_25/d4/CharacterizeWHReferenceDeviceTask/ak/numerical_sic/bqskit_server_4_noisy_n100k_willow_pink_q4_2-4_3-5_2-5_3-6_2-6_3: Task already exists. Skipping.
2025-11-03 02:07:01 [INFO] 11_2_25/d4/CharacterizeWHReferenceDeviceTask/ak/numerical_sic/bqskit_server_4_clean_n100k_willow_pink_q4_2-4_3-5_2-5_3-6_2-6_3: Task already exists. Skipping.
