2026-06-24 19:13:02 [INFO] notebook/d2/CharacterizeWHTripleProductsTask/numerical_sic/cirq_clean_n500_willow_pink_q7_2-4_2-5_2-6_2: Starting task...
2026-06-24 19:13:02 [INFO] notebook/d2/CharacterizeWHTripleProductsTask/numerical_sic/cirq_clean_n500_willow_pink_q7_2-4_2-5_2-6_2: Creating circuits...
2026-06-24 19:13:02 [INFO] notebook/d2/CharacterizeWHTripleProductsTask/numerical_sic/cirq_clean_n500_willow_pink_q7_2-4_2-5_2-6_2: Optimizing circuits...
2026-06-24 19:13:10 [INFO] notebook/d2/CharacterizeWHTripleProductsTask/numerical_sic/cirq_clean_n500_willow_pink_q7_2-4_2-5_2-6_2: Sampling...
2026-06-24 19:13:11 [INFO] notebook/d2/CharacterizeWHTripleProductsTask/numerical_sic/cirq_clean_n500_willow_pink_q7_2-4_2-5_2-6_2: Processing results...
2026-06-24 19:13:11 [INFO] notebook/d2/CharacterizeWHTripleProductsTask/numerical_sic/cirq_clean_n500_willow_pink_q7_2-4_2-5_2-6_2: Saving...
2026-06-24 22:11:09 [INFO] notebook/d2/CharacterizeWHTripleProductsTask/numerical_sic/cirq_clean_n500_willow_pink_q7_2-4_2-5_2-6_2: Task already exists. Skipping.
2026-06-24 22:20:33 [INFO] notebook/d2/CharacterizeWHTripleProductsTask/numerical_sic/cirq_clean_n500_willow_pink_q7_2-4_2-5_2-6_2: Task already exists. Skipping.
2026-06-24 23:14:29 [INFO] notebook/d2/CharacterizeWHTripleProductsTask/numerical_sic/cirq_clean_n500_willow_pink_q7_2-4_2-5_2-6_2: Task already exists. Skipping.
2026-06-24 23:17:08 [INFO] notebook/d2/CharacterizeWHTripleProductsTask/numerical_sic/cirq_clean_n500_willow_pink_q7_2-4_2-5_2-6_2: Task already exists. Skipping.
2026-06-24 23:17:30 [INFO] notebook/d2/CharacterizeWHTripleProductsTask/numerical_sic/cirq_clean_n500_willow_pink_q7_2-4_2-5_2-6_2: Task already exists. Skipping.
2026-06-24 23:46:20 [INFO] notebook/d2/CharacterizeWHTripleProductsTask/numerical_sic/cirq_clean_n500_willow_pink_q7_2-4_2-5_2-6_2: Task already exists. Skipping.
2026-07-20 15:18:44 [INFO] notebook/d2/CharacterizeWHTripleProductsTask/numerical_sic/cirq_clean_n500_willow_pink_q7_2-4_2-5_2-6_2: Task already exists. Skipping.
2026-07-20 15:25:28 [INFO] notebook/d2/CharacterizeWHTripleProductsTask/numerical_sic/bqskit_clean_n500_willow_pink_q7_2-4_2-5_2-6_2: Starting task...
2026-07-20 15:25:28 [INFO] notebook/d2/CharacterizeWHTripleProductsTask/numerical_sic/bqskit_clean_n500_willow_pink_q7_2-4_2-5_2-6_2: Creating circuits...
2026-07-20 15:25:28 [INFO] notebook/d2/CharacterizeWHTripleProductsTask/numerical_sic/bqskit_clean_n500_willow_pink_q7_2-4_2-5_2-6_2: Optimizing circuits...
2026-07-20 15:25:28 [ERROR] notebook/d2/CharacterizeWHTripleProductsTask/numerical_sic/bqskit_clean_n500_willow_pink_q7_2-4_2-5_2-6_2: Help!
Traceback (most recent call last):
  File "/home/heyredhat/Documents/cirq_sic/cirq_sic/experiments/sky_ground.py", line 192, in run_sky_ground_task
    optimized_circuits = optimize_task_circuits(task, circuits, logger=logger)
  File "/home/heyredhat/Documents/cirq_sic/cirq_sic/experiments/sky_ground.py", line 80, in optimize_task_circuits
    optimization_level = int(tokens[-1])
ValueError: invalid literal for int() with base 10: 'bqskit'
2026-07-20 15:26:46 [INFO] notebook/d2/CharacterizeWHTripleProductsTask/numerical_sic/bqskit_1_clean_n500_willow_pink_q7_2-4_2-5_2-6_2: Starting task...
2026-07-20 15:26:46 [INFO] notebook/d2/CharacterizeWHTripleProductsTask/numerical_sic/bqskit_1_clean_n500_willow_pink_q7_2-4_2-5_2-6_2: Creating circuits...
2026-07-20 15:26:46 [INFO] notebook/d2/CharacterizeWHTripleProductsTask/numerical_sic/bqskit_1_clean_n500_willow_pink_q7_2-4_2-5_2-6_2: Optimizing circuits...
2026-07-20 15:28:44 [INFO] notebook/d2/CharacterizeWHTripleProductsTask/numerical_sic/bqskit_local_1_clean_n500_willow_pink_q7_2-4_2-5_2-6_2: Starting task...
2026-07-20 15:28:44 [INFO] notebook/d2/CharacterizeWHTripleProductsTask/numerical_sic/bqskit_local_1_clean_n500_willow_pink_q7_2-4_2-5_2-6_2: Creating circuits...
2026-07-20 15:28:44 [INFO] notebook/d2/CharacterizeWHTripleProductsTask/numerical_sic/bqskit_local_1_clean_n500_willow_pink_q7_2-4_2-5_2-6_2: Optimizing circuits...
2026-07-20 15:29:40 [INFO] notebook/d2/CharacterizeWHTripleProductsTask/numerical_sic/cirq_clean_n500_willow_pink_q7_2-4_2-5_2-6_2: Task already exists. Skipping.
2026-07-21 16:20:34 [INFO] notebook/d2/CharacterizeWHTripleProductsTask/numerical_sic/cirq_clean_n500_willow_pink_q7_2-4_2-5_2-6_2: Task already exists. Skipping.
2026-07-21 16:21:14 [INFO] notebook/d2/CharacterizeWHTripleProductsTask/numerical_sic/cirq_clean_n500_willow_pink_q7_2-4_2-5_2-6_2: Task already exists. Skipping.
2026-07-21 16:22:01 [INFO] notebook/d2/CharacterizeWHTripleProductsTask/numerical_sic/cirq_clean_n500_willow_pink_q7_2-4_2-5_2-6_2: Task already exists. Skipping.
2026-07-21 16:22:49 [INFO] notebook/d2/CharacterizeWHTripleProductsTask/numerical_sic/cirq_clean_n500_willow_pink_q7_2-4_2-5_2-6_2: Task already exists. Skipping.
2026-07-21 16:28:07 [INFO] notebook/d2/CharacterizeWHTripleProductsTask/numerical_sic/cirq_clean_n500_willow_pink_q7_2-4_2-5_2-6_2: Task already exists. Skipping.
2026-07-21 16:28:46 [INFO] notebook/d2/CharacterizeWHTripleProductsTask/numerical_sic/cirq_clean_n500_willow_pink_q7_2-4_2-5_2-6_2: Task already exists. Skipping.
2026-07-21 16:35:46 [INFO] notebook/d2/CharacterizeWHTripleProductsTask/numerical_sic/cirq_clean_n500_willow_pink_q7_2-4_2-5_2-6_2: Task already exists. Skipping.
