2025-11-02 01:16:26 [INFO] 11_2_25/d2/CharacterizeWHReferenceDeviceTask/simple/numerical_sic/bqskit_server_4_noisy_n100k_willow_pink_q4_2-5_2: Starting task...
2025-11-02 01:16:26 [INFO] 11_2_25/d2/CharacterizeWHReferenceDeviceTask/simple/numerical_sic/bqskit_server_4_noisy_n100k_willow_pink_q4_2-5_2: Creating circuits...
2025-11-02 01:16:26 [INFO] 11_2_25/d2/CharacterizeWHReferenceDeviceTask/simple/numerical_sic/bqskit_server_4_noisy_n100k_willow_pink_q4_2-5_2: Optimizing circuits...
2025-11-02 01:16:26 [INFO] 11_2_25/d2/CharacterizeWHReferenceDeviceTask/simple/numerical_sic/cirq_clean_n100k_willow_pink_q4_2-5_2: Starting task...
2025-11-02 01:16:26 [INFO] 11_2_25/d2/CharacterizeWHReferenceDeviceTask/simple/numerical_sic/cirq_clean_n100k_willow_pink_q4_2-5_2: Creating circuits...
2025-11-02 01:16:26 [INFO] 11_2_25/d2/CharacterizeWHReferenceDeviceTask/simple/numerical_sic/cirq_clean_n100k_willow_pink_q4_2-5_2: Optimizing circuits...
2025-11-02 01:16:26 [INFO] 11_2_25/d2/CharacterizeWHReferenceDeviceTask/simple/numerical_sic/cirq_clean_n100k_willow_pink_q4_2-5_2: Sampling...
2025-11-02 01:16:27 [INFO] 11_2_25/d2/CharacterizeWHReferenceDeviceTask/simple/numerical_sic/bqskit_server_4_clean_n100k_willow_pink_q4_2-5_2: Starting task...
2025-11-02 01:16:27 [INFO] 11_2_25/d2/CharacterizeWHReferenceDeviceTask/simple/numerical_sic/bqskit_server_4_clean_n100k_willow_pink_q4_2-5_2: Creating circuits...
2025-11-02 01:16:27 [INFO] 11_2_25/d2/CharacterizeWHReferenceDeviceTask/simple/numerical_sic/bqskit_server_4_clean_n100k_willow_pink_q4_2-5_2: Optimizing circuits...
2025-11-02 01:16:27 [INFO] 11_2_25/d2/CharacterizeWHReferenceDeviceTask/simple/numerical_sic/cirq_noisy_n100k_willow_pink_q4_2-5_2: Starting task...
2025-11-02 01:16:27 [INFO] 11_2_25/d2/CharacterizeWHReferenceDeviceTask/simple/numerical_sic/cirq_noisy_n100k_willow_pink_q4_2-5_2: Creating circuits...
2025-11-02 01:16:27 [INFO] 11_2_25/d2/CharacterizeWHReferenceDeviceTask/simple/numerical_sic/cirq_noisy_n100k_willow_pink_q4_2-5_2: Optimizing circuits...
2025-11-02 01:16:27 [INFO] 11_2_25/d2/CharacterizeWHReferenceDeviceTask/simple/numerical_sic/cirq_noisy_n100k_willow_pink_q4_2-5_2: Sampling...
2025-11-02 01:16:27 [INFO] 11_2_25/d2/CharacterizeWHReferenceDeviceTask/simple/numerical_sic/cirq_clean_n100k_willow_pink_q4_2-5_2: Processing results...
2025-11-02 01:16:28 [INFO] 11_2_25/d2/CharacterizeWHReferenceDeviceTask/simple/numerical_sic/cirq_clean_n100k_willow_pink_q4_2-5_2: Saving...
2025-11-02 01:17:09 [INFO] 11_2_25/d2/CharacterizeWHReferenceDeviceTask/simple/numerical_sic/cirq_noisy_n100k_willow_pink_q4_2-5_2: Processing results...
2025-11-02 01:17:11 [INFO] 11_2_25/d2/CharacterizeWHReferenceDeviceTask/simple/numerical_sic/cirq_noisy_n100k_willow_pink_q4_2-5_2: Saving...
2025-11-02 01:19:57 [INFO] 11_2_25/d2/CharacterizeWHReferenceDeviceTask/simple/numerical_sic/bqskit_server_4_clean_n100k_willow_pink_q4_2-5_2: Sampling...
2025-11-02 01:19:58 [INFO] 11_2_25/d2/CharacterizeWHReferenceDeviceTask/simple/numerical_sic/bqskit_server_4_clean_n100k_willow_pink_q4_2-5_2: Processing results...
2025-11-02 01:20:00 [INFO] 11_2_25/d2/CharacterizeWHReferenceDeviceTask/simple/numerical_sic/bqskit_server_4_clean_n100k_willow_pink_q4_2-5_2: Saving...
2025-11-02 01:20:14 [INFO] 11_2_25/d2/CharacterizeWHReferenceDeviceTask/simple/numerical_sic/bqskit_server_4_noisy_n100k_willow_pink_q4_2-5_2: Sampling...
2025-11-02 01:20:51 [INFO] 11_2_25/d2/CharacterizeWHReferenceDeviceTask/simple/numerical_sic/bqskit_server_4_noisy_n100k_willow_pink_q4_2-5_2: Processing results...
2025-11-02 01:20:52 [INFO] 11_2_25/d2/CharacterizeWHReferenceDeviceTask/simple/numerical_sic/bqskit_server_4_noisy_n100k_willow_pink_q4_2-5_2: Saving...
2025-11-03 01:44:31 [INFO] 11_2_25/d2/CharacterizeWHReferenceDeviceTask/simple/numerical_sic/bqskit_server_4_clean_n100k_willow_pink_q4_2-5_2: Task already exists. Skipping.
2025-11-03 01:44:31 [INFO] 11_2_25/d2/CharacterizeWHReferenceDeviceTask/simple/numerical_sic/cirq_clean_n100k_willow_pink_q4_2-5_2: Task already exists. Skipping.
2025-11-03 01:44:31 [INFO] 11_2_25/d2/CharacterizeWHReferenceDeviceTask/simple/numerical_sic/bqskit_server_4_noisy_n100k_willow_pink_q4_2-5_2: Task already exists. Skipping.
2025-11-03 01:44:31 [INFO] 11_2_25/d2/CharacterizeWHReferenceDeviceTask/simple/numerical_sic/cirq_noisy_n100k_willow_pink_q4_2-5_2: Starting task...
2025-11-03 01:44:31 [INFO] 11_2_25/d2/CharacterizeWHReferenceDeviceTask/simple/numerical_sic/cirq_noisy_n100k_willow_pink_q4_2-5_2: Creating circuits...
2025-11-03 01:44:31 [INFO] 11_2_25/d2/CharacterizeWHReferenceDeviceTask/simple/numerical_sic/cirq_noisy_n100k_willow_pink_q4_2-5_2: Optimizing circuits...
2025-11-03 01:44:31 [INFO] 11_2_25/d2/CharacterizeWHReferenceDeviceTask/simple/numerical_sic/cirq_noisy_n100k_willow_pink_q4_2-5_2: Sampling...
2025-11-03 01:45:03 [INFO] 11_2_25/d2/CharacterizeWHReferenceDeviceTask/simple/numerical_sic/cirq_noisy_n100k_willow_pink_q4_2-5_2: Processing results...
2025-11-03 01:45:03 [INFO] 11_2_25/d2/CharacterizeWHReferenceDeviceTask/simple/numerical_sic/cirq_noisy_n100k_willow_pink_q4_2-5_2: Saving...
2025-11-03 02:06:04 [INFO] 11_2_25/d2/CharacterizeWHReferenceDeviceTask/simple/numerical_sic/bqskit_server_4_clean_n100k_willow_pink_q4_2-5_2: Task already exists. Skipping.
2025-11-03 02:06:04 [INFO] 11_2_25/d2/CharacterizeWHReferenceDeviceTask/simple/numerical_sic/bqskit_server_4_noisy_n100k_willow_pink_q4_2-5_2: Task already exists. Skipping.
2025-11-03 02:07:01 [INFO] 11_2_25/d2/CharacterizeWHReferenceDeviceTask/simple/numerical_sic/bqskit_server_4_noisy_n100k_willow_pink_q4_2-5_2: Task already exists. Skipping.
2025-11-03 02:07:01 [INFO] 11_2_25/d2/CharacterizeWHReferenceDeviceTask/simple/numerical_sic/bqskit_server_4_clean_n100k_willow_pink_q4_2-5_2: Task already exists. Skipping.
