2025-11-02 01:16:26 [INFO] 11_2_25/d2/CharacterizeWHReferenceDeviceTask/ak/numerical_sic/bqskit_server_4_noisy_n100k_willow_pink_q4_2-5_2-6_2: Starting task...
2025-11-02 01:16:26 [INFO] 11_2_25/d2/CharacterizeWHReferenceDeviceTask/ak/numerical_sic/bqskit_server_4_noisy_n100k_willow_pink_q4_2-5_2-6_2: Creating circuits...
2025-11-02 01:16:26 [INFO] 11_2_25/d2/CharacterizeWHReferenceDeviceTask/ak/numerical_sic/bqskit_server_4_noisy_n100k_willow_pink_q4_2-5_2-6_2: Optimizing circuits...
2025-11-02 01:16:27 [INFO] 11_2_25/d2/CharacterizeWHReferenceDeviceTask/ak/numerical_sic/cirq_clean_n100k_willow_pink_q4_2-5_2-6_2: Starting task...
2025-11-02 01:16:27 [INFO] 11_2_25/d2/CharacterizeWHReferenceDeviceTask/ak/numerical_sic/cirq_clean_n100k_willow_pink_q4_2-5_2-6_2: Creating circuits...
2025-11-02 01:16:27 [INFO] 11_2_25/d2/CharacterizeWHReferenceDeviceTask/ak/numerical_sic/cirq_clean_n100k_willow_pink_q4_2-5_2-6_2: Optimizing circuits...
2025-11-02 01:16:27 [INFO] 11_2_25/d2/CharacterizeWHReferenceDeviceTask/ak/numerical_sic/cirq_clean_n100k_willow_pink_q4_2-5_2-6_2: Sampling...
2025-11-02 01:16:27 [INFO] 11_2_25/d2/CharacterizeWHReferenceDeviceTask/ak/numerical_sic/cirq_noisy_n100k_willow_pink_q4_2-5_2-6_2: Starting task...
2025-11-02 01:16:27 [INFO] 11_2_25/d2/CharacterizeWHReferenceDeviceTask/ak/numerical_sic/cirq_noisy_n100k_willow_pink_q4_2-5_2-6_2: Creating circuits...
2025-11-02 01:16:27 [INFO] 11_2_25/d2/CharacterizeWHReferenceDeviceTask/ak/numerical_sic/cirq_noisy_n100k_willow_pink_q4_2-5_2-6_2: Optimizing circuits...
2025-11-02 01:16:27 [INFO] 11_2_25/d2/CharacterizeWHReferenceDeviceTask/ak/numerical_sic/cirq_noisy_n100k_willow_pink_q4_2-5_2-6_2: Sampling...
2025-11-02 01:16:27 [INFO] 11_2_25/d2/CharacterizeWHReferenceDeviceTask/ak/numerical_sic/bqskit_server_4_clean_n100k_willow_pink_q4_2-5_2-6_2: Starting task...
2025-11-02 01:16:27 [INFO] 11_2_25/d2/CharacterizeWHReferenceDeviceTask/ak/numerical_sic/bqskit_server_4_clean_n100k_willow_pink_q4_2-5_2-6_2: Creating circuits...
2025-11-02 01:16:27 [INFO] 11_2_25/d2/CharacterizeWHReferenceDeviceTask/ak/numerical_sic/bqskit_server_4_clean_n100k_willow_pink_q4_2-5_2-6_2: Optimizing circuits...
2025-11-02 01:16:28 [INFO] 11_2_25/d2/CharacterizeWHReferenceDeviceTask/ak/numerical_sic/cirq_clean_n100k_willow_pink_q4_2-5_2-6_2: Processing results...
2025-11-02 01:16:28 [INFO] 11_2_25/d2/CharacterizeWHReferenceDeviceTask/ak/numerical_sic/cirq_clean_n100k_willow_pink_q4_2-5_2-6_2: Saving...
2025-11-02 01:19:10 [INFO] 11_2_25/d2/CharacterizeWHReferenceDeviceTask/ak/numerical_sic/cirq_noisy_n100k_willow_pink_q4_2-5_2-6_2: Processing results...
2025-11-02 01:19:11 [INFO] 11_2_25/d2/CharacterizeWHReferenceDeviceTask/ak/numerical_sic/cirq_noisy_n100k_willow_pink_q4_2-5_2-6_2: Saving...
2025-11-02 01:28:32 [INFO] 11_2_25/d2/CharacterizeWHReferenceDeviceTask/ak/numerical_sic/bqskit_server_4_clean_n100k_willow_pink_q4_2-5_2-6_2: Sampling...
2025-11-02 01:28:33 [INFO] 11_2_25/d2/CharacterizeWHReferenceDeviceTask/ak/numerical_sic/bqskit_server_4_clean_n100k_willow_pink_q4_2-5_2-6_2: Processing results...
2025-11-02 01:28:34 [INFO] 11_2_25/d2/CharacterizeWHReferenceDeviceTask/ak/numerical_sic/bqskit_server_4_clean_n100k_willow_pink_q4_2-5_2-6_2: Saving...
2025-11-02 01:28:41 [INFO] 11_2_25/d2/CharacterizeWHReferenceDeviceTask/ak/numerical_sic/bqskit_server_4_noisy_n100k_willow_pink_q4_2-5_2-6_2: Sampling...
2025-11-02 01:30:18 [INFO] 11_2_25/d2/CharacterizeWHReferenceDeviceTask/ak/numerical_sic/bqskit_server_4_noisy_n100k_willow_pink_q4_2-5_2-6_2: Processing results...
2025-11-02 01:30:19 [INFO] 11_2_25/d2/CharacterizeWHReferenceDeviceTask/ak/numerical_sic/bqskit_server_4_noisy_n100k_willow_pink_q4_2-5_2-6_2: Saving...
2025-11-03 01:44:31 [INFO] 11_2_25/d2/CharacterizeWHReferenceDeviceTask/ak/numerical_sic/bqskit_server_4_clean_n100k_willow_pink_q4_2-5_2-6_2: Task already exists. Skipping.
2025-11-03 01:44:31 [INFO] 11_2_25/d2/CharacterizeWHReferenceDeviceTask/ak/numerical_sic/cirq_clean_n100k_willow_pink_q4_2-5_2-6_2: Task already exists. Skipping.
2025-11-03 01:44:31 [INFO] 11_2_25/d2/CharacterizeWHReferenceDeviceTask/ak/numerical_sic/cirq_noisy_n100k_willow_pink_q4_2-5_2-6_2: Starting task...
2025-11-03 01:44:31 [INFO] 11_2_25/d2/CharacterizeWHReferenceDeviceTask/ak/numerical_sic/cirq_noisy_n100k_willow_pink_q4_2-5_2-6_2: Creating circuits...
2025-11-03 01:44:31 [INFO] 11_2_25/d2/CharacterizeWHReferenceDeviceTask/ak/numerical_sic/bqskit_server_4_noisy_n100k_willow_pink_q4_2-5_2-6_2: Task already exists. Skipping.
2025-11-03 01:44:31 [INFO] 11_2_25/d2/CharacterizeWHReferenceDeviceTask/ak/numerical_sic/cirq_noisy_n100k_willow_pink_q4_2-5_2-6_2: Optimizing circuits...
2025-11-03 01:44:31 [INFO] 11_2_25/d2/CharacterizeWHReferenceDeviceTask/ak/numerical_sic/cirq_noisy_n100k_willow_pink_q4_2-5_2-6_2: Sampling...
2025-11-03 01:46:47 [INFO] 11_2_25/d2/CharacterizeWHReferenceDeviceTask/ak/numerical_sic/cirq_noisy_n100k_willow_pink_q4_2-5_2-6_2: Processing results...
2025-11-03 01:46:48 [INFO] 11_2_25/d2/CharacterizeWHReferenceDeviceTask/ak/numerical_sic/cirq_noisy_n100k_willow_pink_q4_2-5_2-6_2: Saving...
2025-11-03 02:06:04 [INFO] 11_2_25/d2/CharacterizeWHReferenceDeviceTask/ak/numerical_sic/bqskit_server_4_clean_n100k_willow_pink_q4_2-5_2-6_2: Task already exists. Skipping.
2025-11-03 02:06:04 [INFO] 11_2_25/d2/CharacterizeWHReferenceDeviceTask/ak/numerical_sic/bqskit_server_4_noisy_n100k_willow_pink_q4_2-5_2-6_2: Task already exists. Skipping.
2025-11-03 02:07:01 [INFO] 11_2_25/d2/CharacterizeWHReferenceDeviceTask/ak/numerical_sic/bqskit_server_4_clean_n100k_willow_pink_q4_2-5_2-6_2: Task already exists. Skipping.
2025-11-03 02:07:01 [INFO] 11_2_25/d2/CharacterizeWHReferenceDeviceTask/ak/numerical_sic/bqskit_server_4_noisy_n100k_willow_pink_q4_2-5_2-6_2: Task already exists. Skipping.
