2026-06-24 17:57:55 [INFO] notebook/d2/CharacterizeWHTripleProductsTask/numerical_sic/cirq_clean_n256_willow_pink_q7_2-4_2-5_2-6_2: Creating circuits...
2026-06-24 17:57:55 [INFO] notebook/d2/CharacterizeWHTripleProductsTask/numerical_sic/cirq_clean_n256_willow_pink_q7_2-4_2-5_2-6_2: Optimizing circuits...
2026-06-24 17:59:19 [INFO] notebook/d2/CharacterizeWHTripleProductsTask/numerical_sic/cirq_clean_n256_willow_pink_q7_2-4_2-5_2-6_2: Starting task...
2026-06-24 17:59:19 [INFO] notebook/d2/CharacterizeWHTripleProductsTask/numerical_sic/cirq_clean_n256_willow_pink_q7_2-4_2-5_2-6_2: Creating circuits...
2026-06-24 17:59:19 [INFO] notebook/d2/CharacterizeWHTripleProductsTask/numerical_sic/cirq_clean_n256_willow_pink_q7_2-4_2-5_2-6_2: Optimizing circuits...
2026-06-24 17:59:19 [INFO] notebook/d2/CharacterizeWHTripleProductsTask/numerical_sic/cirq_clean_n256_willow_pink_q7_2-4_2-5_2-6_2: Sampling...
2026-06-24 17:59:19 [INFO] notebook/d2/CharacterizeWHTripleProductsTask/numerical_sic/cirq_clean_n256_willow_pink_q7_2-4_2-5_2-6_2: Processing results...
2026-06-24 17:59:19 [INFO] notebook/d2/CharacterizeWHTripleProductsTask/numerical_sic/cirq_clean_n256_willow_pink_q7_2-4_2-5_2-6_2: Saving...
2026-06-24 17:59:24 [INFO] notebook/d2/CharacterizeWHTripleProductsTask/numerical_sic/cirq_clean_n256_willow_pink_q7_2-4_2-5_2-6_2: Task already exists. Skipping.
2026-06-24 18:02:14 [INFO] notebook/d2/CharacterizeWHTripleProductsTask/numerical_sic/cirq_clean_n10k_willow_pink_q7_2-4_2-5_2-6_2: Starting task...
2026-06-24 18:02:14 [INFO] notebook/d2/CharacterizeWHTripleProductsTask/numerical_sic/cirq_clean_n10k_willow_pink_q7_2-4_2-5_2-6_2: Creating circuits...
2026-06-24 18:02:14 [INFO] notebook/d2/CharacterizeWHTripleProductsTask/numerical_sic/cirq_clean_n10k_willow_pink_q7_2-4_2-5_2-6_2: Optimizing circuits...
2026-06-24 18:02:14 [INFO] notebook/d2/CharacterizeWHTripleProductsTask/numerical_sic/cirq_clean_n10k_willow_pink_q7_2-4_2-5_2-6_2: Sampling...
2026-06-24 18:02:15 [INFO] notebook/d2/CharacterizeWHTripleProductsTask/numerical_sic/cirq_clean_n10k_willow_pink_q7_2-4_2-5_2-6_2: Processing results...
2026-06-24 18:02:15 [INFO] notebook/d2/CharacterizeWHTripleProductsTask/numerical_sic/cirq_clean_n10k_willow_pink_q7_2-4_2-5_2-6_2: Saving...
2026-06-24 18:16:54 [INFO] notebook/d2/CharacterizeWHTripleProductsTask/numerical_sic/cirq_clean_n500_willow_pink_q7_2-4_2-5_2-6_2: Starting task...
2026-06-24 18:16:54 [INFO] notebook/d2/CharacterizeWHTripleProductsTask/numerical_sic/cirq_clean_n500_willow_pink_q7_2-4_2-5_2-6_2: Creating circuits...
2026-06-24 18:16:54 [INFO] notebook/d2/CharacterizeWHTripleProductsTask/numerical_sic/cirq_clean_n500_willow_pink_q7_2-4_2-5_2-6_2: Optimizing circuits...
2026-06-24 18:16:54 [INFO] notebook/d2/CharacterizeWHTripleProductsTask/numerical_sic/cirq_clean_n500_willow_pink_q7_2-4_2-5_2-6_2: Sampling...
2026-06-24 18:16:54 [INFO] notebook/d2/CharacterizeWHTripleProductsTask/numerical_sic/cirq_clean_n500_willow_pink_q7_2-4_2-5_2-6_2: Processing results...
2026-06-24 18:16:54 [INFO] notebook/d2/CharacterizeWHTripleProductsTask/numerical_sic/cirq_clean_n500_willow_pink_q7_2-4_2-5_2-6_2: Saving...
2026-06-24 18:31:18 [INFO] notebook/d2/CharacterizeWHTripleProductsTask/numerical_sic/cirq_clean_n500_willow_pink_q7_2-4_2-5_2-6_2: Task already exists. Skipping.
